Exception java.lang.IllegalArgumentException: Unknown URL content://downloads/my_downloads
android.content.ContentResolver.insert (ContentResolver.java:1203)
android.app.DownloadManager.enqueue (DownloadManager.java:957)
o.wM.ˋ(:52429)
o.w$2.run ()
java.lang.Thread.run (Thread.java:818)
